[trip.com/index.html]
[backblue.gif]
[fade.gif]
[index.html]
[trip.com/comments/feed/index.html]
[trip.com/feed/index.html]
[trip.com/wp-includes/js/jquery/jquery4a5f.js]
[trip.com/wp-includes/js/jquery/jquery-migrate.min330a.js]
[trip.com/wp-content/plugins/revslider/public/assets/js/revolution.tools.minf049.js]
[trip.com/wp-content/plugins/revslider/public/assets/js/rs6.min6a4d.js]
[trip.com/wp-content/plugins/woocommerce/assets/js/jquery-blockui/jquery.blockUI.min44fd.js]
[trip.com/wp-content/plugins/woocommerce/assets/js/frontend/add-to-cart.min2e46.js]
[trip.com/wp-content/plugins/js_composer/assets/js/vendors/woocommerce-add-to-cart9b2d.js]
[trip.com/xmlrpc0db0.php]
[trip.com/wp-includes/wlwmanifest.xml]
[trip.com/wp-json/index.html]
[trip.com/wp-json/oembed/1.0/embedd190.json]
[trip.com/wp-json/oembed/1.0/embedc81f]
[trip.com/wp-content/uploads/2020/03/favicon_tripup.png]
[trip.com/wp-content/uploads/2020/03/cropped-tripup_site_icon-32x32.png]
[trip.com/wp-content/uploads/2020/03/cropped-tripup_site_icon-192x192.png]
[trip.com/wp-content/uploads/2020/03/cropped-tripup_site_icon-180x180.png]
[demos.casethemes.net/seomun/wp-content/uploads/2019/04/bg-footer1.png]
[demos.casethemes.net/seomun/wp-content/uploads/2019/04/bg-home-1right468d.png]
[trip.com/wp-content/uploads/2020/03/Tripup.png]
[trip.com/wp-content/uploads/2020/03/Tripup-1.png]
[trip.com/wp-content/themes/seomun/assets/images/logo-light.png]
[trip.com/wp-content/uploads/2019/03/img-home-col-1.png]
[trip.com/wp-content/uploads/2019/03/img-home-col-2.png]
[trip.com/wp-content/uploads/2019/03/img-home-col-3.png]
[trip.com/wp-content/uploads/2020/03/implementation.png]
[trip.com/employee-management/index.html]
[trip.com/wp-content/uploads/2020/03/customer_support.png]
[trip.com/attendence-management/index.html]
[trip.com/leave-management/index.html]
[trip.com/hr-workflow/index.html]
[trip.com/wp-content/uploads/2020/03/guidance.png]
[trip.com/tripup-recruitment-software/index.html]
[trip.com/hr-software/index.html]
[trip.com/wp-content/uploads/2020/03/why_choose_us-300x300.png]
[trip.com/carrer/index.html]
[trip.com/online-training/index.html]
[trip.com/wp-content/plugins/contact-form-7/includes/js/scriptsb62d.js]
[trip.com/hr-workflow-2/index.html]
[trip.com/wp-content/plugins/ctcore/assets/js/ct-frontdc98.js]
[trip.com/performance-2/index.html]
[trip.com/wp-content/plugins/woocommerce/assets/js/js-cookie/js.cookie.min6b25.js]
[trip.com/payroll-management/index.html]
[trip.com/wp-content/plugins/woocommerce/assets/js/frontend/woocommerce.min2e46.js]
[trip.com/wp-content/plugins/woocommerce/assets/js/frontend/cart-fragments.min2e46.js]
[trip.com/contact/index.html]
[trip.com/1-what-is-an-hrms/index.html]
[trip.com/wp-content/themes/seomun/assets/js/bootstrap.mincce7.js]
[trip.com/about/index.html]
[trip.com/2020/03/09/performance-management/index.html]
[trip.com/wp-content/themes/seomun/assets/js/nice-select.mindc98.js]
[trip.com/2020/03/09/goal-management/index.html]
[trip.com/wp-content/themes/seomun/assets/js/enscrolldc98.js]
[trip.com/2020/03/09/leave-management-software/index.html]
[trip.com/wp-content/themes/seomun/assets/js/match-height-min8a54.js]
[trip.com/wp-content/themes/seomun/assets/js/sidebar-scroll-fixed8a54.js]
[trip.com/wp-content/themes/seomun/assets/js/magnific-popup.min8a54.js]
[trip.com/wp-content/themes/seomun/assets/js/main4bf4.js]
[trip.com/wp-content/plugins/newsletter/subscription/validatea8d6.js]
[trip.com/wp-includes/js/wp-embed.min1852.js]
[trip.com/wp-content/plugins/js_composer/assets/js/dist/js_composer_front.min9b2d.js]
[trip.com/wp-content/plugins/js_composer/assets/lib/vc_waypoints/vc-waypoints.min9b2d.js]
[trip.com/wp-content/plugins/js_composer/assets/lib/bower/progress-circle/ProgressCircle.min9b2d.js]
[trip.com/wp-content/plugins/js_composer/assets/lib/vc_chart/jquery.vc_chart.min9b2d.js]
[trip.com/wp-content/plugins/js_composer/assets/lib/bower/skrollr/dist/skrollr.min9b2d.js]
[trip.com/wp-content/themes/seomun/assets/js/counter.min4bf4.js]
[trip.com/wp-content/themes/seomun/assets/js/ct-counter4bf4.js]
[trip.com/index.html]
[trip.com/wp-content/plugins/instagram-feed/img/small-logo.png]
[trip.com/wp-content/plugins/instagram-feed/css/sb-instagram-2-2.mindc8c.css]
[trip.com/wp-includes/css/dist/block-library/style.min1852.css]
[trip.com/wp-content/plugins/woocommerce/packages/woocommerce-blocks/build/stylee64e.css]
[trip.com/wp-content/plugins/contact-form-7/images/ajax-loader.gif]
[trip.com/wp-content/plugins/contact-form-7/includes/css/stylesb62d.css]
[trip.com/wp-content/plugins/ctcore/assets/css/cms-style1852.css]
[trip.com/wp-content/plugins/ctcore/assets/css/owl.carousel.min1852.css]
[trip.com/wp-content/plugins/custom-twitter-feeds/css/ctf-styles.min330a.css]
[trip.com/wp-content/plugins/revslider/public/assets/fonts/revicons/revicons90c6.eot]
[trip.com/wp-content/plugins/revslider/public/assets/fonts/revicons/revicons90c6.woff]
[trip.com/wp-content/plugins/revslider/public/assets/fonts/revicons/revicons90c6.ttf]
[trip.com/wp-content/plugins/revslider/public/assets/assets/gridtile.png]
[trip.com/wp-content/plugins/revslider/public/assets/assets/gridtile_white.png]
[trip.com/wp-content/plugins/revslider/public/assets/assets/gridtile_3x3.png]
[trip.com/wp-content/plugins/revslider/public/assets/assets/gridtile_3x3_white.png]
[trip.com/wp-content/plugins/revslider/public/assets/assets/coloredbg.png]
[trip.com/wp-content/plugins/revslider/public/assets/assets/loader.gif]
[trip.com/wp-content/plugins/revslider/public/assets/css/rs66a4d.css]
[trip.com/wp-content/plugins/woocommerce/assets/css/woocommerce-layout2e46.css]
[trip.com/wp-content/plugins/woocommerce/assets/css/woocommerce-smallscreen2e46.css]
[trip.com/wp-content/plugins/woocommerce/assets/fonts/star.eot]
[trip.com/wp-content/plugins/woocommerce/assets/fonts/stard41d.eot]
[trip.com/wp-content/plugins/woocommerce/assets/fonts/star.woff]
[trip.com/wp-content/plugins/woocommerce/assets/fonts/star.ttf]
[trip.com/wp-content/plugins/woocommerce/assets/fonts/WooCommerce.eot]
[trip.com/wp-content/plugins/woocommerce/assets/fonts/WooCommerced41d.eot]
[trip.com/wp-content/plugins/woocommerce/assets/fonts/WooCommerce.woff]
[trip.com/wp-content/plugins/woocommerce/assets/fonts/WooCommerce.ttf]
[trip.com/wp-content/plugins/woocommerce/assets/css/woocommerce2e46.css]
[trip.com/wp-content/themes/seomun/assets/css/bootstrap.mincce7.css]
[trip.com/wp-content/themes/seomun/assets/fonts/fontawesome-webfont3e6e.eot]
[trip.com/wp-content/themes/seomun/assets/fonts/fontawesome-webfontd41d.eot]
[trip.com/wp-content/themes/seomun/assets/fonts/fontawesome-webfont3e6e.woff2]
[trip.com/wp-content/themes/seomun/assets/fonts/fontawesome-webfont3e6e.woff]
[trip.com/wp-content/themes/seomun/assets/fonts/fontawesome-webfont3e6e.ttf]
[trip.com/wp-content/themes/seomun/assets/css/font-awesome.min1849.css]
[trip.com/wp-content/themes/seomun/assets/fonts/fontawesome/fa-brands-400.eot]
[trip.com/wp-content/themes/seomun/assets/fonts/fontawesome/fa-brands-400.woff2]
[trip.com/wp-content/themes/seomun/assets/fonts/fontawesome/fa-brands-400d41d.eot]
[trip.com/wp-content/themes/seomun/assets/fonts/fontawesome/fa-brands-400.woff]
[trip.com/wp-content/themes/seomun/assets/fonts/fontawesome/fa-brands-400.ttf]
[trip.com/wp-content/themes/seomun/assets/fonts/fontawesome/fa-regular-400.eot]
[trip.com/wp-content/themes/seomun/assets/fonts/fontawesome/fa-regular-400.woff2]
[trip.com/wp-content/themes/seomun/assets/fonts/fontawesome/fa-regular-400d41d.eot]
[trip.com/wp-content/themes/seomun/assets/fonts/fontawesome/fa-regular-400.woff]
[trip.com/wp-content/themes/seomun/assets/fonts/fontawesome/fa-regular-400.ttf]
[trip.com/wp-content/themes/seomun/assets/fonts/fontawesome/fa-solid-900.eot]
[trip.com/wp-content/themes/seomun/assets/fonts/fontawesome/fa-solid-900.woff2]
[trip.com/wp-content/themes/seomun/assets/fonts/fontawesome/fa-solid-900.woff]
[trip.com/wp-content/themes/seomun/assets/fonts/fontawesome/fa-solid-900d41d.eot]
[trip.com/wp-content/themes/seomun/assets/fonts/fontawesome/fa-solid-900.ttf]
[trip.com/wp-content/themes/seomun/assets/css/font-awesome5.min1849.css]
[trip.com/wp-content/themes/seomun/assets/css/font-awesome5-shims.min1849.css]
[trip.com/wp-content/themes/seomun/assets/fonts/Material-Design-Iconic-Fontd1f1.woff2]
[trip.com/wp-content/themes/seomun/assets/fonts/Material-Design-Iconic-Fontd1f1.woff]
[trip.com/wp-content/themes/seomun/assets/fonts/Material-Design-Iconic-Fontd1f1.ttf]
[trip.com/wp-content/themes/seomun/assets/css/material-design-iconic-font.min3601.css]
[trip.com/wp-content/themes/seomun/assets/fonts/Flaticon.eot]
[trip.com/wp-content/themes/seomun/assets/fonts/Flaticon.woff]
[trip.com/wp-content/themes/seomun/assets/fonts/Flaticond41d.eot]
[trip.com/wp-content/themes/seomun/assets/fonts/Flaticon.ttf]
[trip.com/wp-content/themes/seomun/assets/css/flaticon8a54.css]
[trip.com/wp-content/themes/seomun/assets/fonts/themify9f24.eot]
[trip.com/wp-content/themes/seomun/assets/fonts/themifyd41d.eot]
[trip.com/wp-content/themes/seomun/assets/fonts/themify9f24.woff]
[trip.com/wp-content/themes/seomun/assets/fonts/themify9f24.ttf]
[trip.com/wp-content/themes/seomun/assets/css/themify-icons8a54.css]
[trip.com/wp-content/themes/seomun/assets/fonts/et-line.eot]
[trip.com/wp-content/themes/seomun/assets/fonts/et-lined41d.eot]
[trip.com/wp-content/themes/seomun/assets/fonts/et-line.woff]
[trip.com/wp-content/themes/seomun/assets/fonts/et-line.ttf]
[trip.com/wp-content/themes/seomun/assets/css/et-line8a54.css]
[trip.com/wp-content/themes/seomun/assets/css/magnific-popup8a54.css]
[trip.com/wp-content/themes/seomun/assets/fonts/droidsans-webfont.woff2]
[trip.com/wp-content/themes/seomun/assets/fonts/droidsans-webfont.woff]
[trip.com/wp-content/themes/seomun/assets/images/close-icon-white.png]
[trip.com/wp-content/themes/seomun/assets/images/bg-page-title.jpg]
[trip.com/wp-content/themes/seomun/assets/images/bg-dotteds.png]
[trip.com/wp-content/themes/seomun/assets/images/arrow-up.png]
[trip.com/wp-content/themes/seomun/assets/images/slider-arrow-left.png]
[trip.com/wp-content/themes/seomun/assets/images/slider-arrow-right.png]
[trip.com/wp-content/themes/seomun/assets/images/icon-contact-info.png]
[trip.com/wp-content/themes/seomun/assets/images/img-question.png]
[trip.com/wp-content/themes/seomun/assets/css/theme4bf4.css]
[trip.com/wp-content/themes/seomun/assets/css/menu4bf4.css]
[trip.com/wp-content/themes/seomun/style1852.css]
[trip.com/wp-content/plugins/newsletter/stylea8d6.css]
[trip.com/wp-content/plugins/js_composer/assets/vc/alert.png]
[trip.com/wp-content/plugins/js_composer/assets/vc/info.png]
[trip.com/wp-content/plugins/js_composer/assets/vc/tick.png]
[trip.com/wp-content/plugins/js_composer/assets/vc/exclamation.png]
[trip.com/wp-content/plugins/js_composer/assets/images/icons/address-book.png]
[trip.com/wp-content/plugins/js_composer/assets/images/icons/alarm-clock.png]
[trip.com/wp-content/plugins/js_composer/assets/images/icons/anchor.png]
[trip.com/wp-content/plugins/js_composer/assets/images/icons/application-image.png]
[trip.com/wp-content/plugins/js_composer/assets/images/icons/arrow.png]
[trip.com/wp-content/plugins/js_composer/assets/images/icons/asterisk.png]
[trip.com/wp-content/plugins/js_composer/assets/images/icons/auction-hammer.png]
[trip.com/wp-content/plugins/js_composer/assets/images/icons/balloon.png]
[trip.com/wp-content/plugins/js_composer/assets/images/icons/balloon-buzz.png]
[trip.com/wp-content/plugins/js_composer/assets/images/icons/balloon-facebook.png]
[trip.com/wp-content/plugins/js_composer/assets/images/icons/balloon-twitter.png]
[trip.com/wp-content/plugins/js_composer/assets/images/icons/battery-full.png]
[trip.com/wp-content/plugins/js_composer/assets/images/icons/binocular.png]
[trip.com/wp-content/plugins/js_composer/assets/images/icons/blue-document-excel.png]
[trip.com/wp-content/plugins/js_composer/assets/images/icons/blue-document-image.png]
[trip.com/wp-content/plugins/js_composer/assets/images/icons/blue-document-music.png]
[trip.com/wp-content/plugins/js_composer/assets/images/icons/blue-document-office.png]
[trip.com/wp-content/plugins/js_composer/assets/images/icons/blue-document-pdf.png]
[trip.com/wp-content/plugins/js_composer/assets/images/icons/blue-document-powerpoint.png]
[trip.com/wp-content/plugins/js_composer/assets/images/icons/blue-document-word.png]
[trip.com/wp-content/plugins/js_composer/assets/images/icons/bookmark.png]
[trip.com/wp-content/plugins/js_composer/assets/images/icons/camcorder.png]
[trip.com/wp-content/plugins/js_composer/assets/images/icons/camera.png]
[trip.com/wp-content/plugins/js_composer/assets/images/icons/chart.png]
[trip.com/wp-content/plugins/js_composer/assets/images/icons/chart-pie.png]
[trip.com/wp-content/plugins/js_composer/assets/images/icons/clock.png]
[trip.com/wp-content/plugins/js_composer/assets/images/icons/control.png]
[trip.com/wp-content/plugins/js_composer/assets/images/icons/fire.png]
[trip.com/wp-content/plugins/js_composer/assets/images/icons/heart.png]
[trip.com/wp-content/plugins/js_composer/assets/images/icons/mail.png]
[trip.com/wp-content/plugins/js_composer/assets/images/icons/plus-shield.png]
[trip.com/wp-content/plugins/js_composer/assets/images/icons/video.png]
[trip.com/wp-content/plugins/js_composer/assets/fonts/vc_icons_v2/fonts/vcpb-plugin-iconsb82a.eot]
[trip.com/wp-content/plugins/js_composer/assets/fonts/vc_icons_v2/fonts/vcpb-plugin-iconsb82a.ttf]
[trip.com/wp-content/plugins/js_composer/assets/fonts/vc_icons_v2/fonts/vcpb-plugin-iconsb82a.woff]
[trip.com/wp-content/plugins/js_composer/assets/images/toggle_open.png]
[trip.com/wp-content/plugins/js_composer/assets/images/toggle_close.png]
[trip.com/wp-content/plugins/js_composer/assets/images/flickr.png]
[trip.com/wp-content/plugins/js_composer/assets/fonts/vc_grid/vc_grid_v157a1.eot]
[trip.com/wp-content/plugins/js_composer/assets/fonts/vc_grid/vc_grid_v1d41d.eot]
[trip.com/wp-content/plugins/js_composer/assets/fonts/vc_grid/vc_grid_v157a1.woff]
[trip.com/wp-content/plugins/js_composer/assets/fonts/vc_grid/vc_grid_v157a1.ttf]
[trip.com/wp-content/plugins/js_composer/assets/images/spinner.gif]
[trip.com/wp-content/plugins/js_composer/assets/vc/remove.png]
[trip.com/wp-content/plugins/js_composer/assets/css/js_composer.min9b2d.css]
[trip.com/wp-json/oembed/1.0/embed21a3.json]
[trip.com/wp-json/oembed/1.0/embed1737]
[trip.com/wp-content/uploads/2020/03/ess-portal.jpg]
[trip.com/wp-content/uploads/2020/03/ess-portal-leave.jpg]
[trip.com/wp-content/uploads/2020/03/ess-portal-help-desk.jpg]
[trip.com/employee-management/index.html]
[trip.com/wp-json/oembed/1.0/embedc6a5.json]
[trip.com/wp-json/oembed/1.0/embed37a7]
[trip.com/wp-content/uploads/2020/03/attendence-management.jpg]
[trip.com/wp-content/uploads/2020/03/attendence.jpg]
[trip.com/wp-content/uploads/2020/03/attendence-portal.jpg]
[trip.com/wp-content/uploads/2020/03/live-attendence.jpg]
[trip.com/attendence-management/index.html]
[trip.com/wp-json/oembed/1.0/embedb933.json]
[trip.com/wp-json/oembed/1.0/embedbcee]
[trip.com/wp-content/uploads/2020/03/holiday-lists.jpg]
[trip.com/wp-content/uploads/2020/03/holiday-management-2.jpg]
[trip.com/wp-content/uploads/2020/03/track-attendence.jpg]
[trip.com/leave-management/index.html]
[trip.com/wp-json/oembed/1.0/embedfb2d.json]
[trip.com/wp-json/oembed/1.0/embeda645]
[trip.com/wp-content/uploads/2020/03/general-letter.jpg]
[trip.com/hr-workflow/index.html]
[trip.com/wp-json/oembed/1.0/embed9ee0.json]
[trip.com/wp-json/oembed/1.0/embed2a14]
[trip.com/wp-content/uploads/2020/03/employee.jpg]
[trip.com/tripup-recruitment-software/index.html]
[trip.com/wp-json/oembed/1.0/embeddaae.json]
[trip.com/wp-json/oembed/1.0/embedb70d]
[trip.com/wp-content/uploads/2020/03/employee_onboard.jpg]
[trip.com/wp-content/uploads/2020/03/group.jpg]
[trip.com/hr-software/index.html]
[trip.com/wp-json/oembed/1.0/embede85d.json]
[trip.com/wp-json/oembed/1.0/embed1cf0]
[trip.com/carrer/index.html]
[trip.com/wp-json/oembed/1.0/embed0b4d.json]
[trip.com/wp-json/oembed/1.0/embedb484]
[trip.com/online-training/index.html]
[trip.com/wp-json/oembed/1.0/embed619d.json]
[trip.com/wp-json/oembed/1.0/embedd040]
[trip.com/hr-workflow-2/index.html]
[trip.com/wp-json/oembed/1.0/embedacd8.json]
[trip.com/wp-json/oembed/1.0/embed3e9f]
[trip.com/performance-2/index.html]
[trip.com/wp-json/oembed/1.0/embed64a0.json]
[trip.com/wp-json/oembed/1.0/embed6f9a]
[trip.com/payroll-management/index.html]
[trip.com/wp-json/oembed/1.0/embed13d2.json]
[trip.com/wp-json/oembed/1.0/embed8446]
[trip.com/wp-content/uploads/2020/03/functions-of-hrms.png]
[trip.com/wp-content/uploads/2020/03/hrms-typical.png]
[trip.com/wp-content/uploads/2020/03/hrms-attendance.png]
[trip.com/wp-content/uploads/2020/03/hrms-practices.png]
[trip.com/1-what-is-an-hrms/index.html]
[trip.com/wp-json/oembed/1.0/embed3615.json]
[trip.com/wp-json/oembed/1.0/embedb1ff]
[trip.com/wp-content/themes/seomun/assets/js/ct-googlemap6e0e.js]
[trip.com/contact/index.html]
[trip.com/wp-json/oembed/1.0/embedc0f7.json]
[trip.com/wp-json/oembed/1.0/embed3d0f]
[trip.com/wp-content/uploads/2019/03/image-col-4.png]
[trip.com/about/index.html]
[trip.com/wp-json/oembed/1.0/embed07a8.json]
[trip.com/2020/03/09/performance-management/feed/index.html]
[trip.com/wp-json/oembed/1.0/embed103b]
[trip.com/author/admin/index.html]
[w.tech.com/blog/wp-content/uploads/2017/09/winning-300x166.jpg]
[trip.com/wp-includes/js/comment-reply.min1852.js]
[trip.com/wp-content/plugins/instagram-feed/js/sb-instagram-2-2.mindc8c.js]
[trip.com/2020/03/09/performance-management/index.html]
[trip.com/category/agency/index.html]
[trip.com/category/lifestyle/index.html]
[trip.com/category/branding/index.html]
[trip.com/category/marketing/index.html]
[trip.com/wp-json/oembed/1.0/embedf7c7.json]
[trip.com/category/seo/index.html]
[trip.com/category/uncategorized/index.html]
[trip.com/2020/02/15/hello-world/index.html]
[trip.com/tag/adventures/index.html]
[trip.com/wp-json/oembed/1.0/embed0440]
[trip.com/tag/business/index.html]
[trip.com/tag/lifestyle/index.html]
[trip.com/tag/marketing/index.html]
[trip.com/2020/03/09/goal-management/index.html]
[trip.com/wp-content/uploads/2020/03/zBz8HoRjzCQc-1-900x588.png]
[trip.com/tag/photo/index.html]
[trip.com/tag/travel/index.html]
[trip.com/2020/03/09/goal-management/feed/index.html]
[trip.com/2020/03/09/leave-management-software/feed/index.html]
[trip.com/wp-json/oembed/1.0/embedacf0.json]
[trip.com/wp-json/oembed/1.0/embed1fa8]
[trip.com/2020/03/09/leave-management-software/index.html]
[trip.com/wp-content/plugins/js_composer/assets/lib/bower/animate-css/animate.min9b2d.css]
[trip.com/wp-content/plugins/ctcore/assets/css/owl.video.play.html]
[trip.com/wp-content/plugins/revslider/public/assets/fonts/revicons/revicons90c6.svg]
[trip.com/wp-content/plugins/revslider/public/assets/css/openhand.html]
[trip.com/wp-content/plugins/revslider/public/assets/css/closedhand.html]
[trip.com/wp-content/plugins/woocommerce/assets/fonts/star.svg]
[trip.com/wp-content/plugins/woocommerce/assets/fonts/WooCommerce.svg]
[trip.com/wp-content/plugins/woocommerce/assets/images/icons/loader.svg]
[trip.com/wp-content/plugins/woocommerce/assets/images/icons/credit-cards/visa.svg]
[trip.com/wp-content/plugins/woocommerce/assets/images/icons/credit-cards/mastercard.svg]
[trip.com/wp-content/plugins/woocommerce/assets/images/icons/credit-cards/laser.svg]
[trip.com/wp-content/plugins/woocommerce/assets/images/icons/credit-cards/diners.svg]
[trip.com/wp-content/plugins/woocommerce/assets/images/icons/credit-cards/maestro.svg]
[trip.com/wp-content/plugins/woocommerce/assets/images/icons/credit-cards/jcb.svg]
[trip.com/wp-content/plugins/woocommerce/assets/images/icons/credit-cards/amex.svg]
[trip.com/wp-content/plugins/woocommerce/assets/images/icons/credit-cards/discover.svg]
[trip.com/wp-content/plugins/ctcore/assets/js/waypoints.min1852.js]
[trip.com/wp-content/themes/seomun/assets/fonts/fontawesome-webfont3e6e.svg]
[trip.com/wp-content/themes/seomun/assets/fonts/fontawesome/fa-brands-400.svg]
[trip.com/wp-content/themes/seomun/assets/fonts/fontawesome/fa-regular-400.svg]
[trip.com/wp-content/themes/seomun/assets/fonts/fontawesome/fa-solid-900.svg]
[trip.com/wp-content/themes/seomun/assets/fonts/Flaticon.svg]
[trip.com/wp-content/themes/seomun/assets/fonts/themify9f24.svg]
[trip.com/wp-content/themes/seomun/assets/fonts/et-line.svg]
[trip.com/wp-content/themes/seomun/assets/images/icon-call.html]
[trip.com/wp-content/themes/seomun/assets/css/icons.html]
[trip.com/wp-content/plugins/js_composer/assets/fonts/vc_icons_v2/fonts/vcpb-plugin-iconsb82a.svg]
[trip.com/wp-content/plugins/js_composer/assets/vc/blur.svg]
[trip.com/wp-content/plugins/js_composer/assets/fonts/vc_grid/vc_grid_v157a1.svg]
[trip.com/indexb4f0.html]
[trip.com/index7020.html]
[trip.com/indexf549.html]
[trip.com/indexa6f0.html]
[trip.com/index0cf1.html]
[trip.com/index3dd6.html]
[trip.com/indexff9a.html]
[trip.com/index64f7.html]
[trip.com/index2591.html]
[trip.com/indexc065.html]
[trip.com/indexb263.html]
[trip.com/index3d3f.html]
[trip.com/index1098.html]
[trip.com/index6e2d.html]
[trip.com/index9af6.html]
[trip.com/xmlrpc.php]
[trip.com/wp-content/uploads/2019/03/11-1-800x420.jpg]
[trip.com/wp-content/uploads/2019/03/10-1-800x420.jpg]
[trip.com/author/admin/feed/index.html]
[trip.com/2019/03/21/strategies-for-headls-projects-with-structured-content/index.html]
[trip.com/2019/03/21/monthly-web-development-was-webp-state-of-low-stress/index.html]
[trip.com/wp-content/uploads/2019/03/5-1-800x420.jpg]
[trip.com/2019/03/21/planning-your-online-business-goals-with-a-specialist/index.html]
[trip.com/wp-content/uploads/2019/03/2-1-800x420.jpg]
[trip.com/2019/03/21/how-to-increase-your-roi-through-scientific-sem/index.html]
[trip.com/wp-content/uploads/2019/03/4-3-800x420.jpg]
[trip.com/2019/03/21/no-substitute-for-hard-hard-work/index.html]
[trip.com/wp-content/uploads/2019/03/9-1-800x420.jpg]
[trip.com/author/admin/index.html]
[trip.com/2019/03/21/hard-work-always-brings-you-success/index.html]
[trip.com/post.html]
[trip.com/author/admin/page/2/index.html]
[trip.com/category/agency/feed/index.html]
[trip.com/wp-content/uploads/2019/03/12-800x420.jpg]
[trip.com/2019/03/07/business-structured-are-changed-by-onevo/index.html]
[trip.com/wp-content/uploads/2019/03/7-800x420.jpg]
[trip.com/2019/03/07/blackpool-polices-hunt-for-david-schwimmer/index.html]
[trip.com/wp-content/uploads/2019/03/9-800x420.jpg]
[trip.com/category/agency/index.html]
[trip.com/2019/03/07/sed-do-eiusmod-tempor-incidid-unt-ut-labore-et-dolore-2-2-2/index.html]
[trip.com/wp-content/uploads/2019/03/4-800x420.jpg]
[trip.com/category/branding/index.html]
[trip.com/category/branding/feed/index.html]
[trip.com/wp-content/uploads/2019/03/10-800x420.jpg]
[trip.com/2019/03/07/strategy-for-norways-pesion-fund-global/index.html]
[trip.com/category/lifestyle/index.html]
[trip.com/category/lifestyle/feed/index.html]
[trip.com/wp-content/uploads/2019/03/2-800x420.jpg]
[trip.com/2019/03/07/sed-do-eiusmod-tempor-incidid-unt-ut-labore-et-dolore-2-2/index.html]
[trip.com/wp-content/uploads/2019/03/1-800x420.jpg]
[trip.com/category/marketing/feed/index.html]
[trip.com/wp-content/uploads/2019/03/14-800x420.jpg]
[trip.com/2019/03/21/live-life-and-focus-on-the-positive/index.html]
[trip.com/category/marketing/index.html]
[trip.com/2019/03/07/sed-do-eiusmod-tempor-incidid-unt-ut-labore-et-dolore-2-2-2-2/index.html]
[trip.com/category/seo/index.html]
[trip.com/2019/03/03/sed-do-eiusmod-tempor-incidid-unt-ut-labore-et-dolore/index.html]
[trip.com/category/uncategorized/index.html]
[trip.com/2019/03/07/sed-do-eiusmod-tempor-incidid-unt-ut-labore-et-dolore-2/index.html]
[trip.com/category/seo/feed/index.html]
[trip.com/category/uncategorized/feed/index.html]
[trip.com/wp-json/oembed/1.0/embedb5c5.json]
[trip.com/2020/02/15/hello-world/feed/index.html]
[trip.com/wp-json/oembed/1.0/embed6d0e]
[trip.com/2020/02/15/hello-world/index.html]
[trip.com/tag/adventures/index.html]
[trip.com/tag/business/index.html]
[trip.com/tag/lifestyle/index.html]
[trip.com/2020/02/15/hello-world/index6809.html]
[trip.com/tag/marketing/index.html]
[trip.com/tag/business/feed/index.html]
[trip.com/tag/adventures/feed/index.html]
[trip.com/tag/lifestyle/feed/index.html]
[trip.com/tag/marketing/feed/index.html]
[trip.com/tag/photo/index.html]
[trip.com/tag/travel/index.html]
[trip.com/indexe481.html]
[trip.com/index7a07.html]
[trip.com/tag/photo/feed/index.html]
[trip.com/tag/travel/feed/index.html]
[trip.com/2019/03/21/strategies-for-headls-projects-with-structured-content/feed/index.html]
[trip.com/wp-json/oembed/1.0/embed51ae.json]
[trip.com/wp-json/oembed/1.0/embedcc77]
[trip.com/2019/03/21/strategies-for-headls-projects-with-structured-content/index.html]
[trip.com/wp-json/oembed/1.0/embedb32d.json]
[trip.com/2019/03/21/monthly-web-development-was-webp-state-of-low-stress/feed/index.html]
[trip.com/wp-json/oembed/1.0/embed482c]
[trip.com/2019/03/21/monthly-web-development-was-webp-state-of-low-stress/index.html]
[trip.com/wp-json/oembed/1.0/embed470d.json]
[trip.com/2019/03/21/planning-your-online-business-goals-with-a-specialist/feed/index.html]
[trip.com/wp-json/oembed/1.0/embed2540]
[trip.com/2019/03/21/planning-your-online-business-goals-with-a-specialist/index.html]
[trip.com/wp-json/oembed/1.0/embeddcbc.json]
[trip.com/2019/03/21/how-to-increase-your-roi-through-scientific-sem/feed/index.html]
[trip.com/wp-json/oembed/1.0/embedc65c]
[trip.com/2019/03/21/how-to-increase-your-roi-through-scientific-sem/index.html]
[trip.com/wp-json/oembed/1.0/embed3df3.json]
[trip.com/2019/03/21/no-substitute-for-hard-hard-work/feed/index.html]
[trip.com/wp-json/oembed/1.0/embed82e6]
[trip.com/2019/03/21/no-substitute-for-hard-hard-work/index.html]
[trip.com/wp-json/oembed/1.0/embedba3e.json]
[trip.com/2019/03/21/hard-work-always-brings-you-success/feed/index.html]
[trip.com/wp-json/oembed/1.0/embed7bc1]
[trip.com/2019/03/21/hard-work-always-brings-you-success/index.html]
[trip.com/author/admin/page/2/index.html]
[trip.com/wp-json/oembed/1.0/embed9a68.json]
[trip.com/2019/03/07/business-structured-are-changed-by-onevo/feed/index.html]
[trip.com/wp-json/oembed/1.0/embed39f2]
[trip.com/2019/03/07/business-structured-are-changed-by-onevo/index.html]
[trip.com/wp-json/oembed/1.0/embed780a.json]
[trip.com/2019/03/07/blackpool-polices-hunt-for-david-schwimmer/feed/index.html]
[trip.com/wp-json/oembed/1.0/embedfbe7]
[trip.com/2019/03/07/blackpool-polices-hunt-for-david-schwimmer/index.html]
[trip.com/wp-json/oembed/1.0/embed3995.json]
[trip.com/2019/03/07/sed-do-eiusmod-tempor-incidid-unt-ut-labore-et-dolore-2-2-2/feed/index.html]
[trip.com/wp-json/oembed/1.0/embedc002]
[trip.com/2019/03/07/sed-do-eiusmod-tempor-incidid-unt-ut-labore-et-dolore-2-2-2/index.html]
[trip.com/2019/03/07/strategy-for-norways-pesion-fund-global/feed/index.html]
[trip.com/wp-json/oembed/1.0/embed2c84.json]
[trip.com/wp-json/oembed/1.0/embedef96]
[trip.com/2019/03/07/strategy-for-norways-pesion-fund-global/index.html]
[trip.com/2019/03/07/sed-do-eiusmod-tempor-incidid-unt-ut-labore-et-dolore-2-2/feed/index.html]
[trip.com/wp-json/oembed/1.0/embeddaa4.json]
[trip.com/wp-json/oembed/1.0/embed45b4]
[trip.com/2019/03/07/sed-do-eiusmod-tempor-incidid-unt-ut-labore-et-dolore-2-2/index.html]
[trip.com/wp-json/oembed/1.0/embeda6e9.json]
[trip.com/2019/03/21/live-life-and-focus-on-the-positive/feed/index.html]
[trip.com/wp-json/oembed/1.0/embedd6a2]
[trip.com/2019/03/21/live-life-and-focus-on-the-positive/index.html]
[trip.com/wp-json/oembed/1.0/embed95a5.json]
[trip.com/2019/03/07/sed-do-eiusmod-tempor-incidid-unt-ut-labore-et-dolore-2-2-2-2/feed/index.html]
[trip.com/wp-json/oembed/1.0/embedf241]
[trip.com/2019/03/07/sed-do-eiusmod-tempor-incidid-unt-ut-labore-et-dolore-2-2-2-2/index.html]
[trip.com/wp-json/oembed/1.0/embed8b4e.json]
[trip.com/2019/03/07/sed-do-eiusmod-tempor-incidid-unt-ut-labore-et-dolore-2/feed/index.html]
[trip.com/wp-json/oembed/1.0/embed4e6d]
[trip.com/2019/03/07/sed-do-eiusmod-tempor-incidid-unt-ut-labore-et-dolore-2/index.html]
[trip.com/wp-json/oembed/1.0/embeda3de.json]
[trip.com/2019/03/03/sed-do-eiusmod-tempor-incidid-unt-ut-labore-et-dolore/feed/index.html]
[trip.com/wp-json/oembed/1.0/embedb626]
[trip.com/2019/03/03/sed-do-eiusmod-tempor-incidid-unt-ut-labore-et-dolore/index.html]
[trip.com/indexcff1.html]
[trip.com/2020/02/15/hello-world/index6809.html]
[trip.com/index8989.html]
[trip.com/indexb753.html]
[trip.com/indexa1c1.html]
[trip.com/indexf763.html]
[trip.com/index7867.html]
[trip.com/index5c49.html]
[trip.com/index2586.html]
[trip.com/index3440.html]
[trip.com/indexf4d1.html]
[trip.com/indexb50d.html]
[trip.com/index5e74.html]
[trip.com/index0718.html]
[trip.com/index0325.html]
[trip.com/indexada0.html]
[trip.com/index5f87.html]
[trip.com/2019/03/03/sed-do-eiusmod-tempor-incidid-unt-ut-labore-et-dolore/index21b4.html]
[trip.com/2019/03/03/sed-do-eiusmod-tempor-incidid-unt-ut-labore-et-dolore/index0e22.html]
[trip.com/2019/03/03/sed-do-eiusmod-tempor-incidid-unt-ut-labore-et-dolore/index0e22.html]
[trip.com/2019/03/03/sed-do-eiusmod-tempor-incidid-unt-ut-labore-et-dolore/index3094.html]
[trip.com/2019/03/03/sed-do-eiusmod-tempor-incidid-unt-ut-labore-et-dolore/index3094.html]
[trip.com/2019/03/03/sed-do-eiusmod-tempor-incidid-unt-ut-labore-et-dolore/index21b4.html]
